03:04:54 **** Incremental Build of configuration Debug for project OLEDs ****
make all 
make --no-print-directory pre-build
a9-linaro-pre-build-step
 
make --no-print-directory main-build
Building file: ../src/main.c
Invoking: ARM v7 gcc compiler
arm-none-eabi-gcc -Wall -O0 -g3 -c -fmessage-length=0 -MT"src/main.o" -mcpu=cortex-a9 -mfpu=vfpv3 -mfloat-abi=hard -I/home/ozratzon/test_software/OLED_Design_wrapper/export/OLED_Design_wrapper/sw/OLED_Design_wrapper/standalone_ps7_cortexa9_0/bspinclude/include -MMD -MP -MF"src/main.d" -MT"src/main.o" -o "src/main.o" "../src/main.c"
../src/main.c: In function 'DemoRun':
../src/main.c:279:14: warning: unused variable 'ib' [-Wunused-variable]
  279 |    int irow, ib, i;
      |              ^~
Finished building: ../src/main.c
 
Building target: OLEDs.elf
Invoking: ARM v7 gcc linker
arm-none-eabi-gcc -mcpu=cortex-a9 -mfpu=vfpv3 -mfloat-abi=hard -Wl,-build-id=none -specs=Xilinx.spec -Wl,-T -Wl,../src/lscript.ld -L/home/ozratzon/test_software/OLED_Design_wrapper/export/OLED_Design_wrapper/sw/OLED_Design_wrapper/standalone_ps7_cortexa9_0/bsplib/lib -o "OLEDs.elf"  ./src/main.o   -Wl,--start-group,-lxil,-lgcc,-lc,--end-group
Finished building target: OLEDs.elf
 
Invoking: ARM v7 Print Size
arm-none-eabi-size OLEDs.elf  |tee "OLEDs.elf.size"
   text	   data	    bss	    dec	    hex	filename
  34859	   3224	  23512	  61595	   f09b	OLEDs.elf
Finished building: OLEDs.elf.size
 

03:04:55 Build Finished (took 319ms)

